<details><summary>test</summary><p>yo</p></details>
